Traceback (most recent call last):
  File "<frozen runpy>", line 198, in _run_module_as_main
  File "<frozen runpy>", line 88, in _run_code
  File "/home/sgajdosi/Documents/skola/dp/dp/sip_bridge/__main__.py", line 4, in <module>
    run()
    ~~~^^
  File "/home/sgajdosi/Documents/skola/dp/dp/sip_bridge/asterisk_bridge_server.py", line 280, in run
    asyncio.run(main())
    ~~~~~~~~~~~^^^^^^^^
  File "/usr/lib64/python3.13/asyncio/runners.py", line 195, in run
    return runner.run(main)
           ~~~~~~~~~~^^^^^^
  File "/usr/lib64/python3.13/asyncio/runners.py", line 118, in run
    return self._loop.run_until_complete(task)
           ~~~~~~~~~~~~~~~~~~~~~~~~~~~~~^^^^^^
  File "/usr/lib64/python3.13/asyncio/base_events.py", line 725, in run_until_complete
    return future.result()
           ~~~~~~~~~~~~~^^
  File "/home/sgajdosi/Documents/skola/dp/dp/sip_bridge/asterisk_bridge_server.py", line 276, in main
    await ari_task
  File "/home/sgajdosi/Documents/skola/dp/dp/sip_bridge/ari_client.py", line 254, in run_ari_websocket
    await _run()
  File "/home/sgajdosi/Documents/skola/dp/dp/sip_bridge/ari_client.py", line 175, in _run
    async for ws in websockets.connect(
    ...<76 lines>...
            await asyncio.sleep(2)
  File "/home/sgajdosi/.cache/pypoetry/virtualenvs/dp-swOVlYT--py3.13/lib64/python3.13/site-packages/websockets/asyncio/client.py", line 503, in __aiter__
    async with self as protocol:
               ^^^^
  File "/home/sgajdosi/.cache/pypoetry/virtualenvs/dp-swOVlYT--py3.13/lib64/python3.13/site-packages/websockets/asyncio/client.py", line 487, in __aenter__
    return await self
           ^^^^^^^^^^
  File "/home/sgajdosi/.cache/pypoetry/virtualenvs/dp-swOVlYT--py3.13/lib64/python3.13/site-packages/websockets/asyncio/client.py", line 444, in __await_impl__
    self.connection = await self.create_connection()
                      ^^^^^^^^^^^^^^^^^^^^^^^^^^^^^^
  File "/home/sgajdosi/.cache/pypoetry/virtualenvs/dp-swOVlYT--py3.13/lib64/python3.13/site-packages/websockets/asyncio/client.py", line 370, in create_connection
    _, connection = await loop.create_connection(factory, **kwargs)
                          ~~~~~~~~~~~~~~~~~~~~~~^^^^^^^^^^^^^^^^^^^
TypeError: BaseEventLoop.create_connection() got an unexpected keyword argument 'extra_headers'
Unclosed client session
client_session: <aiohttp.client.ClientSession object at 0x7fc80fae1be0>
Unclosed connector
connections: ['deque([(<aiohttp.client_proto.ResponseHandler object at 0x7fc80ad4dd30>, 185538.480596814)])']
connector: <aiohttp.connector.TCPConnector object at 0x7fc80fae1d30>
